attrs
B
ByteLoader
Config
Cwd
DB_File
DynaLoader
Encode
encoding
Errno
Fcntl
GDBM_File
IO
lib
NDBM_File
O
ODBM_File
Opcode
ops
POSIX
re
Safe
SDBM_File
Socket
Storable
threads
Win32CORE
XSLoader
B::Asmdata
B::Assembler
B::Bblock
B::Bytecode
B::C
B::CC
B::Concise
B::Debug
B::Deparse
B::Disassembler
B::Lint
B::Showlex
B::Stackobj
B::Stash
B::Terse
B::Xref
Data::Dumper
Devel::DProf
Devel::Peek
Devel::PPPort
Digest::MD5
Encode::Alias
Encode::Byte
Encode::CJKConstants
Encode::CN
Encode::Config
Encode::EBCDIC
Encode::Encoder
Encode::Encoding
Encode::Guess
Encode::JP
Encode::KR
Encode::Symbol
Encode::TW
Encode::Unicode
File::Glob
Filter::Util::Call
I18N::Langinfo
IO::Dir
IO::File
IO::Handle
IO::Pipe
IO::Poll
IO::Seekable
IO::Select
IO::Socket
IPC::Msg
IPC::Semaphore
IPC::SysV
MIME::Base64
MIME::QuotedPrint
PerlIO::encoding
PerlIO::scalar
PerlIO::via
Sys::Hostname
Sys::Syslog
shared
Time::HiRes
Unicode::Normalize
XS::APItest
XS::Typemap
AnyDBM_File
attributes
AutoLoader
AutoSplit
autouse
base
Benchmark
bigint
bignum
bigrat
blib
bytes
Carp
CGI
charnames
constant
CPAN
DB
DBM_Filter
diagnostics
Digest
DirHandle
Dumpvalue
English
Env
Exporter
Fatal
fields
FileCache
FileHandle
filetest
FindBin
if
integer
less
locale
Memoize
NEXT
open
overload
PerlIO
SelectSaver
SelfLoader
Shell
sigtrap
sort
strict
subs
Switch
Symbol
Test
Thread
UNIVERSAL
utf8
vars
vmsish
warnings
Attribute::Handlers
Demo
Descriptions
MyClass
Carp::Heavy
CGI::Apache
CGI::Carp
CGI::Cookie
CGI::Fast
CGI::Pretty
CGI::Push
CGI::Switch
CGI::Util
Class::ISA
Class::Struct
CPAN::Admin
CPAN::Config
CPAN::Debug
CPAN::FirstTime
CPAN::HandleConfig
CPAN::Nox
CPAN::Tarzip
CPAN::Version
DBM_Filter::compress
DBM_Filter::encode
DBM_Filter::int32
DBM_Filter::null
DBM_Filter::utf8
Devel::SelfStubber
Digest::base
Digest::file
Encode::CN::HZ
Encode::JP::H2Z
Encode::JP::JIS7
Encode::KR::2022_KR
Encode::MIME::Header
Encode::Unicode::UTF7
Exporter::Heavy
ExtUtils::Command
ExtUtils::Constant
ExtUtils::Embed
ExtUtils::Install
ExtUtils::Installed
ExtUtils::Liblist
ExtUtils::MakeMaker
ExtUtils::Manifest
ExtUtils::Miniperl
ExtUtils::Mkbootstrap
ExtUtils::Mksymlists
ExtUtils::MM
ExtUtils::MM_Any
ExtUtils::MM_BeOS
ExtUtils::MM_Cygwin
ExtUtils::MM_DOS
ExtUtils::MM_MacOS
ExtUtils::MM_NW5
ExtUtils::MM_OS2
ExtUtils::MM_Unix
ExtUtils::MM_UWIN
ExtUtils::MM_VMS
ExtUtils::MM_Win32
ExtUtils::MM_Win95
ExtUtils::MY
ExtUtils::Packlist
ExtUtils::testlib
ExtUtils::Command::MM
ExtUtils::Constant::Base
ExtUtils::Constant::Utils
ExtUtils::Constant::XS
ExtUtils::Liblist::Kid
ExtUtils::MakeMaker::bytes
ExtUtils::MakeMaker::vmsish
File::Basename
File::CheckTree
File::Compare
File::Copy
File::DosGlob
File::Find
File::Path
File::Spec
File::stat
File::Temp
File::Spec::Cygwin
File::Spec::Epoc
File::Spec::Functions
File::Spec::Mac
File::Spec::OS2
File::Spec::Unix
File::Spec::VMS
File::Spec::Win32
Filter::Simple
Getopt::Long
Getopt::Std
Hash::Util
I18N::Collate
I18N::LangTags
I18N::LangTags::Detect
I18N::LangTags::List
IO::Socket::INET
IO::Socket::UNIX
IPC::Open2
IPC::Open3
List::Util
Locale::Constants
Locale::Country
Locale::Currency
Locale::Language
Locale::Maketext
Locale::Script
Locale::Maketext::Guts
Locale::Maketext::GutsLoader
Math::BigFloat
Math::BigInt
Math::BigRat
Math::Complex
Math::Trig
Math::BigFloat::Trace
Math::BigInt::Calc
Math::BigInt::CalcEmu
Math::BigInt::Trace
Memoize::AnyDBM_File
Memoize::Expire
Memoize::ExpireFile
Memoize::ExpireTest
Memoize::NDBM_File
Memoize::SDBM_File
Memoize::Storable
Net::Cmd
Net::Config
Net::Domain
Net::FTP
Net::hostent
Net::netent
Net::Netrc
Net::NNTP
Net::Ping
Net::POP3
Net::protoent
Net::servent
Net::SMTP
Net::Time
Net::FTP::A
Net::FTP::dataconn
Net::FTP::E
Net::FTP::I
Net::FTP::L
QuotedPrint
Pod::Checker
Pod::Find
Pod::Functions
Pod::Html
Pod::InputObjects
Pod::LaTeX
Pod::Man
Pod::ParseLink
Pod::Parser
Pod::ParseUtils
Pod::Perldoc
Pod::Plainer
Pod::PlainText
Pod::Select
Pod::Text
Pod::Usage
Pod::Perldoc::BaseTo
Pod::Perldoc::GetOptsOO
Pod::Perldoc::ToChecker
Pod::Perldoc::ToMan
Pod::Perldoc::ToNroff
Pod::Perldoc::ToPod
Pod::Perldoc::ToRtf
Pod::Perldoc::ToText
Pod::Perldoc::ToTk
Pod::Perldoc::ToXml
Pod::Text::Color
Pod::Text::Overstrike
Pod::Text::Termcap
Scalar::Util
Search::Dict
Term::ANSIColor
Term::Cap
Term::Complete
Term::ReadLine
Test::Builder
Test::Harness
Test::More
Test::Simple
Test::Builder::Module
Test::Builder::Tester
Test::Builder::Tester::Color
Test::Harness::Assert
Test::Harness::Iterator
Test::Harness::Point
Test::Harness::Results
Test::Harness::Straps
Test::Harness::Util
Text::Abbrev
Text::Balanced
Text::ParseWords
Text::Soundex
Text::Tabs
Text::Wrap
Thread::Queue
Thread::Semaphore
Tie::Array
Tie::File
Tie::Handle
Tie::Hash
Tie::Memoize
Tie::RefHash
Tie::Scalar
Tie::SubstrHash
Time::gmtime
Time::Local
Time::localtime
Time::tm
Unicode::Collate
Unicode::UCD
User::grent
User::pwent
register
Digest::SHA
YAML
Archive::Tar
Archive::Zip
Archive::Tar::Constant
Archive::Tar::File
Archive::Zip::Archive
Archive::Zip::BufferedFileHandle
Archive::Zip::DirectoryMember
Archive::Zip::FileMember
Archive::Zip::Member
Archive::Zip::MemberRead
Archive::Zip::MockFileHandle
Archive::Zip::NewFileMember
Archive::Zip::StringMember
Archive::Zip::Tree
Archive::Zip::ZipFileMember
ExtUtils::CBuilder
ExtUtils::CBuilder::Base
ExtUtils::CBuilder::Platform::aix
ExtUtils::CBuilder::Platform::cygwin
ExtUtils::CBuilder::Platform::darwin
ExtUtils::CBuilder::Platform::os2
ExtUtils::CBuilder::Platform::Unix
ExtUtils::CBuilder::Platform::VMS
ExtUtils::CBuilder::Platform::Windows
File::GlobMapper
File::HomeDir
File::Which
File::HomeDir::Darwin
File::HomeDir::MacOS9
File::HomeDir::Unix
File::HomeDir::Windows
IO::Compress::Base
IO::Compress::Base::Common
IO::Uncompress::AnyUncompress
IO::Uncompress::Base
Module::Build
Module::Build::Base
Module::Build::Compat
Module::Build::Config
Module::Build::ConfigData
Module::Build::Cookbook
Module::Build::ModuleInfo
Module::Build::Notes
Module::Build::PodParser
Module::Build::PPMMaker
Module::Build::Version
Module::Build::YAML
Module::Build::Platform::aix
Module::Build::Platform::Amiga
Module::Build::Platform::cygwin
Module::Build::Platform::darwin
Module::Build::Platform::Default
Module::Build::Platform::EBCDIC
Module::Build::Platform::MacOS
Module::Build::Platform::MPEiX
Module::Build::Platform::os2
Module::Build::Platform::RiscOS
Module::Build::Platform::Unix
Module::Build::Platform::VMS
Module::Build::Platform::VOS
Module::Build::Platform::Windows
Perl::Tidy
Term::ReadLine::Perl
Term::ReadLine::readline
Test::YAML
Text::Glob
YAML::Base
YAML::Dumper
YAML::Error
YAML::Loader
YAML::Marshall
YAML::Node
YAML::Tag
YAML::Types
YAML::Dumper::Base
YAML::Loader::Base
Compress::Bzip2
Compress::Zlib
Proc::Killall
Proc::Killfam
Proc::ProcessTable
Proc::ProcessTable::Process
Term::ReadKey
XML::Parser
XML::Parser::Expat
XML::Parser::Style::Debug
XML::Parser::Style::Objects
XML::Parser::Style::Stream
XML::Parser::Style::Subs
XML::Parser::Style::Tree
MD5
IO::String
IO::Zlib
Net::Telnet
Text::Diff
Text::Diff::Table
Lots::Of::SQL
Devel::Command::HelloWorld
Devel::Command::X
filter
SourceCarp
Test::PerPerlHelper
Module::Build::FilterTests
UserFactory
UserProxy
My::Filter
Sub::With::Params
Glob::Lists
DispatchBot
Cookemonster
Heredoc::Indenting
Number::Intervals
Devel::TraceUse
TraceGlobals
B::Lint::VoidSyscalls
Counter
Attribute::Docstring
Attribute::Method
Easy::Class
My::Customer
My::CustomerBuildMethods
My::CustomerMethodMaker
Inventory
Proxy::AccessControl
SecretClass
Class::HideMethods
Model
View
Graphics::Drawable
InsideOut::User
Module::Build::Configurator
User::IrisScan::Config
Std::Modules
Std::ModulesWorking
Bundle::Personal::Mine
Foo
FooProxy
File::Exception
Devel::Presolve
Module::Reloader
Parser
CGI2
Jcode
LWP
PDFJ
URI
Util
Wiki
Algorithm::Diff
Bundle::LWP
CGI::Session
CGI::Session::BluePrint
CGI::Session::CookBook
CGI::Session::DB_File
CGI::Session::Example
CGI::Session::File
CGI::Session::MySQL
CGI::Session::PostgreSQL
CGI::Session::Tutorial
CGI::Session::ID::Incr
CGI::Session::ID::MD5
CGI::Session::ID::SHA1
CGI::Session::Serialize::Default
CGI::Session::Serialize::FreezeThaw
CGI::Session::Serialize::Storable
Digest::Perl::MD5
File::Listing
HTML::Form
HTML::Template
HTTP::Cookies
HTTP::Daemon
HTTP::Date
HTTP::Headers
HTTP::Message
HTTP::Negotiate
HTTP::Request
HTTP::Response
HTTP::Status
HTTP::Cookies::Microsoft
HTTP::Cookies::Netscape
HTTP::Headers::Auth
HTTP::Headers::ETag
HTTP::Headers::Util
HTTP::Request::Common
Image::Info
Image::TIFF
Image::Info::BMP
Image::Info::GIF
Image::Info::JPEG
Image::Info::PNG
Image::Info::PPM
Image::Info::SVG
Image::Info::TIFF
Image::Info::XBM
Image::Info::XPM
Jcode::Constants
Jcode::H2Z
Jcode::Tr
Jcode::Unicode::Constants
Jcode::Unicode::NoXS
LWP::ConnCache
LWP::Debug
LWP::DebugFile
LWP::MediaTypes
LWP::MemberMixin
LWP::Protocol
LWP::RobotUA
LWP::Simple
LWP::UserAgent
LWP::Authen::Basic
LWP::Authen::Digest
LWP::Authen::Ntlm
LWP::Protocol::data
LWP::Protocol::file
LWP::Protocol::ftp
LWP::Protocol::GHTTP
LWP::Protocol::gopher
LWP::Protocol::http
LWP::Protocol::http10
LWP::Protocol::https
LWP::Protocol::https10
LWP::Protocol::mailto
LWP::Protocol::nntp
LWP::Protocol::nogo
Net::HTTP
Net::HTTPS
Net::HTTP::Methods
Net::HTTP::NB
PDFJ::E2U
PDFJ::Object
PDFJ::S2U
PDFJ::TTF
PDFJ::U2C
PDFJ::Unicode
TeX::Hyphen
TeX::Hyphen::czech
TeX::Hyphen::german
URI::data
URI::Escape
URI::file
URI::ftp
URI::gopher
URI::Heuristic
URI::http
URI::https
URI::ldap
URI::mailto
URI::news
URI::nntp
URI::pop
URI::rlogin
URI::rsync
URI::snews
URI::telnet
URI::URL
URI::WithBase
URI::_foreign
URI::_generic
URI::_login
URI::_query
URI::_segment
URI::_server
URI::_userpass
Base
FAT
Mac
OS2
QNX
Unix
Win32
Wiki::CacheParser
Wiki::DefaultStorage
Wiki::HTMLParser
Wiki::InterWiki
Wiki::Keyword
Wiki::Parser
WWW::RobotRules
WWW::RobotRules::AnyDBM_File
Access
AccessDays
Install
AccountHandler
AdminCacheHandler
AdminConfigHandler
AdminLogHandler
AdminPageHandler
AdminPluginHandler
AdminSpamHandler
AdminStyleHandler
AdminUserHandler
Login
PermissionForm
Amazon
AdminMIMEHandler
Attach
AttachDelete
AttachForm
AttachHandler
AttachInitializer
AttachRename
Files
Ref
RefImage
RefText
BBS
BBS2
BBS2Handler
BBS2List
BBSHandler
BugList
BugState
BugStateHandler
BugTrack
BugTrackHandler
Calendar
CalendarHandler
FutureCalendar
MonthCalendar
RecentCalendar
Category
CategoryCache
CategoryHandler
CategoryList
Category2
Category2Belong
Category2BelongHandler
Category2Handler
Category2List
Category2Title
Comment
CommentHandler
AdminFarmHandler
CreateWikiHandler
Diff
Edit
EditHelper
EditPage
FormatHelp
Include
KeywordCache
ListPage
NewPage
Paragraph
RemoveWikiHandler
SendMail
ShowPage
Source
SpamFilter
Template
WikiList
Actives
EditLog
LastEdit
Footnote
FootnoteList
FormatSelector
FSWikiFormat
HikiFormat
WalWikiFormat
YukiWikiFormat
Google
LastModified
Outline
OutlineParser
PluginHelp
PluginHelpHandler
TodaysLink
LoginName
LoginState
PDFDelete
PDFInitializer
PDFMaker
PDFMenu
PDFParser
Recent
RecentDays
RenameForm
RenameHandler
RSS
RSS2
RSSMaker
RSSMaker10
SearchForm
SearchHandler
ToDoAdd
ToDoAddHandler
ToDoHandler
ToDoList
Vote
VoteHandler
